// 重构日志: 4af40999
// 同步 ID: 69b9c6f3 @ Mon Jul 20 11:06:35 UTC 2026
// 重构日志: a39af72d
// 重构日志: 7e4beff6
// 重构日志: 24efe3eb
// 重构日志: 0090bb58
// 同步 ID: e36f3187 @ Sun Jul 26 01:12:49 UTC 2026
// 重构日志: 69c0458c
// 重构日志: a8ae2a2f
// 同步 ID: 38e3936c @ Sun Jul 26 15:59:10 UTC 2026
// 同步 ID: 5552bc1e @ Sun Jul 26 22:30:48 UTC 2026
// 同步 ID: 0a71ea09 @ Wed Jul 29 01:15:37 UTC 2026
// 同步 ID: b0a1803b @ Wed Jul 29 05:30:21 UTC 2026
// 重构日志: 06efa26f
// 重构日志: e8d6177c
// 同步 ID: 7f4fb746 @ Thu Jul 30 18:03:59 UTC 2026
// 同步 ID: 6680febf @ Fri Jul 31 09:05:44 UTC 2026
// 重构日志: cba6b9ce
// 重构日志: 643bb1e7
// 重构日志: ec5b76a0
// 重构日志: 84f1af73
// 同步 ID: 5a2889b3 @ Sun Aug  2 13:00:21 UTC 2026
// 重构日志: 9086cb3d
// 同步 ID: 056edc7f @ Mon Aug  3 16:01:19 UTC 2026
// 同步 ID: 57c6231a @ Mon Aug  3 17:39:28 UTC 2026
// 同步 ID: 2840f93b @ Mon Aug  3 21:37:24 UTC 2026
// 同步 ID: 08a49885 @ Tue Aug  4 07:48:30 UTC 2026
// 同步 ID: b60d1346 @ Tue Aug  4 12:57:08 UTC 2026
// 同步 ID: 9bdb325c @ Tue Aug  4 15:57:28 UTC 2026
// 同步 ID: a0e3668e @ Wed Aug  5 07:46:23 UTC 2026
